<?xml version="1.0" encoding="utf-8"?><testsuites><testsuite name="pytest" errors="0" failures="0" skipped="0" tests="4" time="20.592" timestamp="2025-01-09T00:23:54.003205" hostname="Contru"><testcase classname="tests.api.test_api.TestBatchPipeline" name="test_should_failed_unkown_column_1" time="0.071" /><testcase classname="tests.api.test_api.TestBatchPipeline" name="test_should_failed_unkown_column_2" time="0.035" /><testcase classname="tests.api.test_api.TestBatchPipeline" name="test_should_failed_unkown_column_3" time="0.032" /><testcase classname="tests.api.test_api.TestBatchPipeline" name="test_should_get_predict" time="0.457" /></testsuite></testsuites>